[http]  2024-06-10 03:55:16.421 PM   : POST /api/user/create 200 191 - 470.472 ms : 
[http]  2024-06-10 03:55:16.713 PM   : POST /api/user/fetch 200 196 - 178.791 ms : 
[http]  2024-06-10 03:55:16.718 PM   : POST /api/profile/getuser 200 26 - 172.567 ms : 
[http]  2024-06-10 03:55:16.723 PM   : POST /api/user/fetch 200 196 - 204.614 ms : 
[http]  2024-06-10 03:55:16.734 PM   : GET /uploads/undefined 404 156 - 8.421 ms : 
[http]  2024-06-10 03:55:16.753 PM   : GET /uploads/ 404 147 - 8.340 ms : 
[http]  2024-06-10 03:55:16.759 PM   : POST /api/group/find 200 26 - 179.591 ms : 
[http]  2024-06-10 03:55:17.046 PM   : POST /api/group/find 200 26 - 475.631 ms : 
[http]  2024-06-10 03:55:17.093 PM   : POST /api/profile/getuser 200 26 - 535.077 ms : 
[http]  2024-06-10 03:58:09.290 PM   : POST /api/user/fetch 200 196 - 52.212 ms : 
[http]  2024-06-10 03:58:09.295 PM   : POST /api/profile/getuser 200 26 - 48.072 ms : 
[http]  2024-06-10 03:58:09.299 PM   : POST /api/user/fetch 200 196 - 43.420 ms : 
[http]  2024-06-10 03:58:09.303 PM   : POST /api/group/find 200 26 - 39.751 ms : 
[http]  2024-06-10 03:58:09.306 PM   : GET /uploads/undefined 404 156 - 4.479 ms : 
[http]  2024-06-10 03:58:09.312 PM   : POST /api/profile/getuser 200 26 - 40.661 ms : 
[http]  2024-06-10 03:58:09.365 PM   : GET /uploads/ 404 147 - 1.367 ms : 
[http]  2024-06-10 03:58:09.673 PM   : POST /api/group/find 200 26 - 391.130 ms : 
[http]  2024-06-10 03:58:49.252 PM   : POST /api/user/fetch 200 196 - 54.628 ms : 
[http]  2024-06-10 03:58:49.255 PM   : POST /api/profile/getuser 200 26 - 47.115 ms : 
[http]  2024-06-10 03:58:49.262 PM   : POST /api/user/fetch 200 196 - 45.044 ms : 
[http]  2024-06-10 03:58:49.270 PM   : POST /api/group/find 200 26 - 41.792 ms : 
[http]  2024-06-10 03:58:49.278 PM   : GET /uploads/undefined 404 156 - 10.953 ms : 
[http]  2024-06-10 03:58:49.281 PM   : POST /api/profile/getuser 200 26 - 45.859 ms : 
[http]  2024-06-10 03:58:49.288 PM   : POST /api/group/find 200 26 - 45.633 ms : 
[http]  2024-06-10 03:58:49.324 PM   : GET /uploads/ 404 147 - 1.393 ms : 
[http]  2024-06-10 04:00:24.367 PM   : POST /api/user/fetch 200 196 - 33.285 ms : 
[http]  2024-06-10 04:00:24.387 PM   : POST /api/profile/getuser 200 26 - 47.069 ms : 
[http]  2024-06-10 04:00:24.391 PM   : GET /uploads/undefined 404 156 - 3.058 ms : 
[http]  2024-06-10 04:00:24.394 PM   : POST /api/group/find 200 26 - 46.713 ms : 
[http]  2024-06-10 04:00:24.403 PM   : POST /api/profile/getuser 200 26 - 42.372 ms : 
[http]  2024-06-10 04:00:24.406 PM   : POST /api/user/fetch 200 196 - 53.451 ms : 
[http]  2024-06-10 04:00:24.414 PM   : POST /api/group/find 200 26 - 37.670 ms : 
[http]  2024-06-10 04:00:24.427 PM   : GET /uploads/ 404 147 - 2.164 ms : 
[http]  2024-06-10 04:01:58.819 PM   : POST /api/user/fetch 200 196 - 44.206 ms : 
[http]  2024-06-10 04:01:58.839 PM   : POST /api/profile/getuser 200 26 - 51.758 ms : 
[http]  2024-06-10 04:01:58.843 PM   : POST /api/user/fetch 200 196 - 46.271 ms : 
[http]  2024-06-10 04:01:58.850 PM   : GET /uploads/undefined 404 156 - 2.759 ms : 
[http]  2024-06-10 04:01:58.856 PM   : POST /api/profile/getuser 200 26 - 50.390 ms : 
[http]  2024-06-10 04:01:58.859 PM   : POST /api/group/find 200 26 - 36.146 ms : 
[http]  2024-06-10 04:01:58.872 PM   : POST /api/group/find 200 26 - 41.595 ms : 
[http]  2024-06-10 04:01:58.903 PM   : GET /uploads/ 404 147 - 3.023 ms : 
[http]  2024-06-10 04:03:29.165 PM   : POST /api/user/fetch 200 196 - 44.342 ms : 
[http]  2024-06-10 04:03:29.167 PM   : POST /api/profile/getuser 200 26 - 31.521 ms : 
[http]  2024-06-10 04:03:29.171 PM   : GET /uploads/undefined 404 156 - 1.819 ms : 
[http]  2024-06-10 04:03:29.174 PM   : POST /api/group/find 200 26 - 33.537 ms : 
[http]  2024-06-10 04:03:29.177 PM   : POST /api/profile/getuser 200 26 - 48.335 ms : 
[http]  2024-06-10 04:03:29.181 PM   : POST /api/user/fetch 200 196 - 56.511 ms : 
[http]  2024-06-10 04:03:29.185 PM   : POST /api/group/find 200 26 - 45.728 ms : 
[http]  2024-06-10 04:03:29.209 PM   : GET /uploads/ 404 147 - 1.080 ms : 
[http]  2024-06-10 04:03:42.337 PM   : POST /api/user/fetch 200 196 - 39.062 ms : 
[http]  2024-06-10 04:03:42.339 PM   : POST /api/user/fetch 200 196 - 27.384 ms : 
[http]  2024-06-10 04:03:42.350 PM   : POST /api/group/find 200 26 - 42.652 ms : 
[http]  2024-06-10 04:03:42.351 PM   : POST /api/profile/getuser 200 26 - 47.163 ms : 
[http]  2024-06-10 04:03:42.421 PM   : POST /api/profile/getuser 200 26 - 51.525 ms : 
[http]  2024-06-10 04:03:42.423 PM   : POST /api/group/find 200 26 - 48.547 ms : 
[http]  2024-06-10 04:03:42.450 PM   : GET /uploads/undefined 404 156 - 1.359 ms : 
[http]  2024-06-10 04:03:42.513 PM   : GET /uploads/ 404 147 - 1.144 ms : 
[http]  2024-06-10 04:03:54.402 PM   : POST /api/user/fetch 200 196 - 29.397 ms : 
[http]  2024-06-10 04:03:54.416 PM   : POST /api/user/fetch 200 196 - 57.295 ms : 
[http]  2024-06-10 04:03:54.421 PM   : POST /api/group/find 200 26 - 34.222 ms : 
[http]  2024-06-10 04:03:54.442 PM   : POST /api/group/find 200 26 - 49.793 ms : 
[http]  2024-06-10 04:03:54.444 PM   : POST /api/profile/getuser 200 26 - 63.743 ms : 
[http]  2024-06-10 04:03:54.447 PM   : POST /api/profile/getuser 200 26 - 79.598 ms : 
[http]  2024-06-10 04:03:54.453 PM   : GET /uploads/undefined 404 156 - 3.234 ms : 
[http]  2024-06-10 04:03:54.454 PM   : GET /uploads/ 404 147 - 3.403 ms : 
[http]  2024-06-10 04:03:56.288 PM   : POST /api/profile/getuser 200 26 - 36.563 ms : 
[http]  2024-06-10 04:03:56.302 PM   : POST /api/user/fetch 200 196 - 56.045 ms : 
[http]  2024-06-10 04:03:56.304 PM   : POST /api/group/find 200 26 - 46.157 ms : 
[http]  2024-06-10 04:03:56.306 PM   : POST /api/user/fetch 200 196 - 41.081 ms : 
[http]  2024-06-10 04:03:56.313 PM   : POST /api/group/find 200 26 - 33.492 ms : 
[http]  2024-06-10 04:03:56.317 PM   : GET /uploads/undefined 404 156 - 1.398 ms : 
[http]  2024-06-10 04:03:56.319 PM   : POST /api/profile/getuser 200 26 - 46.334 ms : 
[http]  2024-06-10 04:03:56.356 PM   : GET /uploads/ 404 147 - 1.414 ms : 
[http]  2024-06-10 04:04:07.655 PM   : POST /api/user/login 200 191 - 393.190 ms : 
[http]  2024-06-10 04:04:07.754 PM   : POST /api/profile/getuser 200 26 - 40.633 ms : 
[http]  2024-06-10 04:04:07.756 PM   : POST /api/user/fetch 200 196 - 50.487 ms : 
[http]  2024-06-10 04:04:07.763 PM   : POST /api/user/fetch 200 196 - 40.505 ms : 
[http]  2024-06-10 04:04:07.766 PM   : POST /api/profile/getuser 200 26 - 37.176 ms : 
[http]  2024-06-10 04:04:07.776 PM   : GET /uploads/undefined 404 156 - 3.306 ms : 
[http]  2024-06-10 04:04:07.790 PM   : POST /api/group/find 200 26 - 56.519 ms : 
[http]  2024-06-10 04:04:07.792 PM   : POST /api/group/find 200 26 - 54.600 ms : 
[http]  2024-06-10 04:04:07.800 PM   : GET /uploads/ 404 147 - 1.478 ms : 
[http]  2024-06-10 04:04:09.192 PM   : GET /uploads/ 404 147 - 1.301 ms : 
[http]  2024-06-10 04:04:19.636 PM   : GET /uploads/ 404 147 - 1.358 ms : 
[http]  2024-06-10 04:06:48.835 PM   : GET /uploads/ 404 147 - 1.371 ms : 
[http]  2024-06-10 04:06:57.424 PM   : PATCH /api/profile/update 200 232 - 162.248 ms : 
[http]  2024-06-10 04:06:57.486 PM   : GET /uploads/1718015817278-674751589profile1.jpeg 200 15489 - 12.646 ms : 
[http]  2024-06-10 04:07:19.391 PM   : POST /api/user/create 200 191 - 172.672 ms : 
[http]  2024-06-10 04:07:19.485 PM   : POST /api/profile/getuser 200 26 - 28.272 ms : 
[http]  2024-06-10 04:07:19.495 PM   : POST /api/user/fetch 200 196 - 45.824 ms : 
[http]  2024-06-10 04:07:19.497 PM   : POST /api/group/find 200 26 - 37.673 ms : 
[http]  2024-06-10 04:07:19.499 PM   : POST /api/group/find 200 26 - 36.715 ms : 
[http]  2024-06-10 04:07:19.502 PM   : POST /api/user/fetch 200 196 - 47.299 ms : 
[http]  2024-06-10 04:07:19.505 PM   : POST /api/profile/getuser 200 26 - 52.790 ms : 
[http]  2024-06-10 04:07:19.509 PM   : GET /uploads/undefined 404 156 - 1.169 ms : 
[http]  2024-06-10 04:07:19.521 PM   : GET /uploads/ 404 147 - 1.134 ms : 
[http]  2024-06-10 04:07:22.514 PM   : GET /uploads/ 404 147 - 2.667 ms : 
[http]  2024-06-10 04:07:35.129 PM   : PATCH /api/profile/update 200 240 - 185.289 ms : 
[http]  2024-06-10 04:07:35.220 PM   : GET /uploads/1718015854952-7867903961672146880666%20(1).jpg 200 863146 - 1.632 ms : 
[http]  2024-06-10 04:07:59.987 PM   : POST /api/user/create 200 191 - 333.843 ms : 
[http]  2024-06-10 04:08:00.082 PM   : POST /api/user/fetch 200 192 - 30.491 ms : 
[http]  2024-06-10 04:08:00.089 PM   : POST /api/profile/getuser 200 26 - 43.337 ms : 
[http]  2024-06-10 04:08:00.092 PM   : POST /api/profile/getuser 200 26 - 35.340 ms : 
[http]  2024-06-10 04:08:00.097 PM   : POST /api/user/fetch 200 192 - 57.830 ms : 
[http]  2024-06-10 04:08:00.099 PM   : GET /uploads/undefined 404 156 - 13.298 ms : 
[http]  2024-06-10 04:08:00.102 PM   : POST /api/group/find 200 26 - 34.762 ms : 
[http]  2024-06-10 04:08:00.109 PM   : POST /api/group/find 200 26 - 46.167 ms : 
[http]  2024-06-10 04:08:00.118 PM   : GET /uploads/ 404 147 - 1.869 ms : 
[http]  2024-06-10 04:08:05.956 PM   : GET /uploads/ 404 147 - 1.236 ms : 
[http]  2024-06-10 04:08:13.528 PM   : PATCH /api/profile/update 200 228 - 192.988 ms : 
[http]  2024-06-10 04:08:13.578 PM   : GET /uploads/1718015893342-851394741profile2.jpeg 200 6497 - 2.952 ms : 
[http]  2024-06-10 04:08:17.877 PM   : POST /api/group/user 200 279 - 119.479 ms : 
[http]  2024-06-10 04:08:17.935 PM   : GET /uploads/1718015854952-7867903961672146880666%20(1).jpg 304 - - 6.637 ms : 
[http]  2024-06-10 04:08:17.936 PM   : GET /uploads/1718015817278-674751589profile1.jpeg 304 - - 5.524 ms : 
[http]  2024-06-10 04:08:22.187 PM   : POST /api/profile/user 200 279 - 74.827 ms : 
[http]  2024-06-10 04:08:23.515 PM   : POST /api/message/create/6666d48c4684bdb204530bbb 200 523 - 137.591 ms : 
[http]  2024-06-10 04:08:23.661 PM   : POST /api/profile/getuser 200 234 - 100.719 ms : 
[http]  2024-06-10 04:08:51.152 PM   : POST /api/user/login 200 191 - 281.392 ms : 
[http]  2024-06-10 04:08:51.228 PM   : POST /api/user/fetch 200 232 - 29.884 ms : 
[http]  2024-06-10 04:08:51.231 PM   : POST /api/user/fetch 200 232 - 39.214 ms : 
[http]  2024-06-10 04:08:51.234 PM   : GET /uploads/undefined 404 156 - 1.407 ms : 
[http]  2024-06-10 04:08:51.242 PM   : POST /api/group/find 200 26 - 30.388 ms : 
[http]  2024-06-10 04:08:51.249 PM   : GET /uploads/1718015817278-674751589profile1.jpeg 200 15489 - 1.362 ms : 
[http]  2024-06-10 04:08:51.254 PM   : POST /api/group/find 200 26 - 31.756 ms : 
[http]  2024-06-10 04:08:51.298 PM   : POST /api/profile/getuser 200 230 - 81.695 ms : 
[http]  2024-06-10 04:08:51.305 PM   : POST /api/profile/getuser 200 230 - 100.170 ms : 
[http]  2024-06-10 04:08:51.315 PM   : GET /uploads/1718015893342-851394741profile2.jpeg 200 6497 - 3.110 ms : 
