[http]  2024-06-10 12:08:01.846 PM   : GET /uploads/undefined 404 156 - 18.734 ms : 
[http]  2024-06-10 12:08:05.187 PM   : POST /api/user/login 200 191 - 301.912 ms : 
[http]  2024-06-10 12:08:05.235 PM   : GET /uploads/undefined 404 156 - 1.957 ms : 
[http]  2024-06-10 12:08:05.354 PM   : POST /api/user/fetch 200 230 - 65.572 ms : 
[http]  2024-06-10 12:08:05.377 PM   : POST /api/group/find 200 162 - 59.503 ms : 
[http]  2024-06-10 12:08:05.391 PM   : POST /api/user/fetch 200 230 - 44.833 ms : 
[http]  2024-06-10 12:08:05.405 PM   : POST /api/profile/getuser 200 1078 - 101.988 ms : 
[http]  2024-06-10 12:08:05.434 PM   : POST /api/group/find 200 162 - 98.298 ms : 
[http]  2024-06-10 12:08:05.442 PM   : GET /uploads/1717568029134-429861018profile1.jpeg 304 - - 9.087 ms : 
[http]  2024-06-10 12:08:05.450 PM   : POST /api/profile/getuser 200 1078 - 121.650 ms : 
[http]  2024-06-10 12:08:05.479 PM   : GET /uploads/1717568106904-602145334profile2.jpeg 304 - - 2.415 ms : 
[http]  2024-06-10 12:08:05.485 PM   : GET /uploads/1717568063176-8663653101672146880666%20(1).jpg 304 - - 4.283 ms : 
[http]  2024-06-10 12:08:05.487 PM   : GET /uploads/1717568863643-499392102profile6.jpeg 304 - - 5.425 ms : 
[http]  2024-06-10 12:08:05.489 PM   : GET /uploads/1717568282934-575433638profile3.jpeg 304 - - 5.943 ms : 
[http]  2024-06-10 12:08:05.491 PM   : GET /uploads/1717568381228-54460701profile5.jpg 304 - - 6.710 ms : 
[http]  2024-06-10 12:08:55.011 PM   : POST /api/group/chats/665ee16deb556449219788d4 200 820 - 28.513 ms : 
[http]  2024-06-10 12:09:05.524 PM   : POST /api/group/send/665ee16deb556449219788d4 200 256 - 24.746 ms : 
[http]  2024-06-10 12:09:24.793 PM   : PATCH /api/profile/update 200 232 - 57.105 ms : 
[http]  2024-06-10 12:09:55.430 PM   : GET /uploads/undefined 404 156 - 1.311 ms : 
[http]  2024-06-10 12:10:02.638 PM   : POST /api/user/login 404 69 - 2.944 ms : 
[http]  2024-06-10 12:10:02.696 PM   : GET /uploads/undefined 404 156 - 1.551 ms : 
[http]  2024-06-10 12:28:55.430 PM   : POST /api/user/login 200 191 - 106.938 ms : 
[http]  2024-06-10 12:28:55.465 PM   : GET /uploads/undefined 404 156 - 6.668 ms : 
[http]  2024-06-10 12:28:55.504 PM   : GET /uploads/1717568063176-8663653101672146880666%20(1).jpg 304 - - 4.233 ms : 
[http]  2024-06-10 12:28:55.507 PM   : GET /uploads/1717568106904-602145334profile2.jpeg 304 - - 5.482 ms : 
[http]  2024-06-10 12:28:55.565 PM   : POST /api/user/fetch 200 232 - 44.838 ms : 
[http]  2024-06-10 12:28:55.587 PM   : POST /api/group/find 200 162 - 46.268 ms : 
[http]  2024-06-10 12:28:55.600 PM   : POST /api/profile/getuser 200 1078 - 66.590 ms : 
[http]  2024-06-10 12:28:55.605 PM   : POST /api/profile/getuser 200 1078 - 47.298 ms : 
[http]  2024-06-10 12:28:55.615 PM   : POST /api/user/fetch 200 232 - 59.488 ms : 
[http]  2024-06-10 12:28:55.622 PM   : POST /api/group/find 200 162 - 72.590 ms : 
[http]  2024-06-10 12:28:58.044 PM   : POST /api/group/chats/665ee16deb556449219788d4 200 971 - 33.188 ms : 
[http]  2024-06-10 12:42:46.495 PM   : GET /uploads/undefined 404 156 - 4.487 ms : 
[http]  2024-06-10 12:43:05.421 PM   : POST /api/user/login 200 191 - 137.904 ms : 
[http]  2024-06-10 12:43:05.456 PM   : GET /uploads/undefined 404 156 - 2.433 ms : 
[http]  2024-06-10 12:43:05.534 PM   : GET /uploads/1717568063176-8663653101672146880666%20(1).jpg 304 - - 31.480 ms : 
[http]  2024-06-10 12:43:05.536 PM   : GET /uploads/1717568106904-602145334profile2.jpeg 304 - - 34.239 ms : 
[http]  2024-06-10 12:43:05.541 PM   : POST /api/user/fetch 200 232 - 36.018 ms : 
[http]  2024-06-10 12:43:05.544 PM   : POST /api/user/fetch 200 232 - 29.766 ms : 
[http]  2024-06-10 12:43:05.571 PM   : POST /api/group/find 200 162 - 20.980 ms : 
[http]  2024-06-10 12:43:05.577 PM   : POST /api/profile/getuser 200 1078 - 54.945 ms : 
[http]  2024-06-10 12:43:05.585 PM   : POST /api/profile/getuser 200 1078 - 39.714 ms : 
[http]  2024-06-10 12:43:05.590 PM   : POST /api/group/find 200 162 - 60.966 ms : 
[http]  2024-06-10 12:43:16.295 PM   : GET /uploads/undefined 404 156 - 0.997 ms : 
[http]  2024-06-10 12:43:18.870 PM   : GET /uploads/undefined 404 156 - 0.957 ms : 
[http]  2024-06-10 12:43:27.649 PM   : POST /api/user/login 200 191 - 229.199 ms : 
[http]  2024-06-10 12:43:27.689 PM   : GET /uploads/undefined 404 156 - 0.767 ms : 
[http]  2024-06-10 12:43:27.782 PM   : POST /api/user/fetch 200 232 - 46.904 ms : 
[http]  2024-06-10 12:43:27.799 PM   : POST /api/group/find 200 162 - 56.171 ms : 
[http]  2024-06-10 12:43:27.815 PM   : POST /api/user/fetch 200 232 - 46.685 ms : 
[http]  2024-06-10 12:43:27.832 PM   : POST /api/profile/getuser 200 1078 - 78.099 ms : 
[http]  2024-06-10 12:43:27.840 PM   : POST /api/profile/getuser 200 1078 - 55.789 ms : 
[http]  2024-06-10 12:43:27.843 PM   : POST /api/group/find 200 162 - 51.117 ms : 
[http]  2024-06-10 12:43:27.850 PM   : GET /uploads/1717568029134-429861018profile1.jpeg 304 - - 1.928 ms : 
[http]  2024-06-10 12:43:27.862 PM   : GET /uploads/1717568106904-602145334profile2.jpeg 304 - - 2.264 ms : 
[http]  2024-06-10 12:43:27.863 PM   : GET /uploads/1717568063176-8663653101672146880666%20(1).jpg 304 - - 2.228 ms : 
[http]  2024-06-10 12:43:27.868 PM   : GET /uploads/1717568282934-575433638profile3.jpeg 304 - - 2.204 ms : 
[http]  2024-06-10 12:43:27.871 PM   : GET /uploads/1717568381228-54460701profile5.jpg 304 - - 5.046 ms : 
[http]  2024-06-10 12:43:27.873 PM   : GET /uploads/1717568863643-499392102profile6.jpeg 304 - - 1.795 ms : 
[http]  2024-06-10 01:03:22.545 PM   : GET /uploads/undefined 404 156 - 5.873 ms : 
[error]  2024-06-10 01:03:27.388 PM   : /login wrong password : 
[http]  2024-06-10 01:03:27.395 PM   : POST /api/user/login 404 69 - 291.235 ms : 
[http]  2024-06-10 01:03:27.419 PM   : GET /uploads/undefined 404 156 - 3.073 ms : 
